// Stellar TrenchBroom fixture: point_volume_zup
// Point-authored trigger and object collider using final FGD point classes.
{
"classname" "worldspawn"
"message" "point_volume_zup"
{
( -64 -64 -16 ) ( -64 64 0 ) ( -64 -64 0 ) dev/grid_32 [ 0 1 0 0 ] [ 0 0 1 0 ] 0 1 1
( 64 -64 -16 ) ( 64 -64 0 ) ( 64 64 -16 ) dev/grid_32 [ 0 1 0 0 ] [ 0 0 1 0 ] 0 1 1
( -64 -64 -16 ) ( 64 -64 0 ) ( 64 -64 -16 ) dev/grid_32 [ 1 0 0 0 ] [ 0 0 1 0 ] 0 1 1
( -64 64 -16 ) ( 64 64 0 ) ( -64 64 0 ) dev/grid_32 [ 1 0 0 0 ] [ 0 0 1 0 ] 0 1 1
( -64 -64 -16 ) ( 64 64 -16 ) ( -64 64 -16 ) dev/grid_32 [ 1 0 0 0 ] [ 0 1 0 0 ] 0 1 1
( -64 -64 0 ) ( 64 64 0 ) ( 64 -64 0 ) dev/grid_32 [ 1 0 0 0 ] [ 0 1 0 0 ] 0 1 1
}
}
{
"classname" "info_player_start"
"targetname" "PointVolumeStart"
"origin" "0 -32 36"
}
{
"classname" "trigger_multiple_point"
"targetname" "PointTriggerA"
"origin" "0 0 36"
"stellar.extents" "16 16 24"
"wait" "0.5"
}
{
"classname" "stellar_object_collider_point"
"targetname" "PointPickupA"
"origin" "24 0 36"
"stellar.extents" "8 8 8"
"archetype" "pickup_health"
}
